<?xml version="1.0" encoding="ISO-8859-1" ?>
<link_info>
   <banner>TI ARM Linker PC v20.2.6.LTS</banner>
   <copyright>Copyright (c) 1996-2018 Texas Instruments Incorporated</copyright>
   <link_time>0x655d9104</link_time>
   <link_errors>0x0</link_errors>
   <output_file>TermProject_example4.out</output_file>
   <entry_point>
      <name>_c_int00_noargs</name>
      <address>0x13b1</address>
   </entry_point>
   <input_file_list>
      <input_file id="fl-2">
         <path>.\</path>
         <kind>object</kind>
         <file>Clock.obj</file>
         <name>Clock.obj</name>
      </input_file>
      <input_file id="fl-3">
         <path>.\</path>
         <kind>object</kind>
         <file>main.obj</file>
         <name>main.obj</name>
      </input_file>
      <input_file id="fl-4">
         <path>.\</path>
         <kind>object</kind>
         <file>startup_msp432p401r_ccs.obj</file>
         <name>startup_msp432p401r_ccs.obj</name>
      </input_file>
      <input_file id="fl-5">
         <path>.\</path>
         <kind>object</kind>
         <file>system_msp432p401r.obj</file>
         <name>system_msp432p401r.obj</name>
      </input_file>
      <input_file id="fl-9">
         <kind>object</kind>
         <file>&lt;internal&gt;</file>
         <name>&lt;internal&gt;</name>
      </input_file>
      <input_file id="fl-bf">
         <path>C:\ti\ccs1200\ccs\tools\compiler\ti-cgt-arm_20.2.6.LTS\lib\</path>
         <kind>archive</kind>
         <file>rtsv7M4_T_le_v4SPD16_eabi.lib</file>
         <name>copy_zero_init.c.obj</name>
      </input_file>
      <input_file id="fl-c0">
         <path>C:\ti\ccs1200\ccs\tools\compiler\ti-cgt-arm_20.2.6.LTS\lib\</path>
         <kind>archive</kind>
         <file>rtsv7M4_T_le_v4SPD16_eabi.lib</file>
         <name>copy_decompress_none.c.obj</name>
      </input_file>
      <input_file id="fl-c1">
         <path>C:\ti\ccs1200\ccs\tools\compiler\ti-cgt-arm_20.2.6.LTS\lib\</path>
         <kind>archive</kind>
         <file>rtsv7M4_T_le_v4SPD16_eabi.lib</file>
         <name>copy_decompress_lzss.c.obj</name>
      </input_file>
      <input_file id="fl-c2">
         <path>C:\ti\ccs1200\ccs\tools\compiler\ti-cgt-arm_20.2.6.LTS\lib\</path>
         <kind>archive</kind>
         <file>rtsv7M4_T_le_v4SPD16_eabi.lib</file>
         <name>boot_cortex_m.c.obj</name>
      </input_file>
      <input_file id="fl-c3">
         <path>C:\ti\ccs1200\ccs\tools\compiler\ti-cgt-arm_20.2.6.LTS\lib\</path>
         <kind>archive</kind>
         <file>rtsv7M4_T_le_v4SPD16_eabi.lib</file>
         <name>memcpy_t2.asm.obj</name>
      </input_file>
      <input_file id="fl-c4">
         <path>C:\ti\ccs1200\ccs\tools\compiler\ti-cgt-arm_20.2.6.LTS\lib\</path>
         <kind>archive</kind>
         <file>rtsv7M4_T_le_v4SPD16_eabi.lib</file>
         <name>memset_t2.asm.obj</name>
      </input_file>
      <input_file id="fl-c5">
         <path>C:\ti\ccs1200\ccs\tools\compiler\ti-cgt-arm_20.2.6.LTS\lib\</path>
         <kind>archive</kind>
         <file>rtsv7M4_T_le_v4SPD16_eabi.lib</file>
         <name>autoinit.c.obj</name>
      </input_file>
      <input_file id="fl-c6">
         <path>C:\ti\ccs1200\ccs\tools\compiler\ti-cgt-arm_20.2.6.LTS\lib\</path>
         <kind>archive</kind>
         <file>rtsv7M4_T_le_v4SPD16_eabi.lib</file>
         <name>pre_init.c.obj</name>
      </input_file>
      <input_file id="fl-c7">
         <path>C:\ti\ccs1200\ccs\tools\compiler\ti-cgt-arm_20.2.6.LTS\lib\</path>
         <kind>archive</kind>
         <file>rtsv7M4_T_le_v4SPD16_eabi.lib</file>
         <name>cpy_tbl.c.obj</name>
      </input_file>
      <input_file id="fl-c8">
         <path>C:\ti\ccs1200\ccs\tools\compiler\ti-cgt-arm_20.2.6.LTS\lib\</path>
         <kind>archive</kind>
         <file>rtsv7M4_T_le_v4SPD16_eabi.lib</file>
         <name>exit.c.obj</name>
      </input_file>
      <input_file id="fl-c9">
         <path>C:\ti\ccs1200\ccs\tools\compiler\ti-cgt-arm_20.2.6.LTS\lib\</path>
         <kind>archive</kind>
         <file>rtsv7M4_T_le_v4SPD16_eabi.lib</file>
         <name>_lock.c.obj</name>
      </input_file>
      <input_file id="fl-ca">
         <path>C:\ti\ccs1200\ccs\tools\compiler\ti-cgt-arm_20.2.6.LTS\lib\</path>
         <kind>archive</kind>
         <file>rtsv7M4_T_le_v4SPD16_eabi.lib</file>
         <name>args_main.c.obj</name>
      </input_file>
   </input_file_list>
   <object_component_list>
      <object_component id="oc-26">
         <name>.intvecs:retain</name>
         <load_address>0x0</load_address>
         <run_address>0x0</run_address>
         <size>0xe4</size>
         <input_file_ref idref="fl-4"/>
      </object_component>
      <object_component id="oc-6d">
         <name>.text</name>
         <load_address>0xe4</load_address>
         <run_address>0xe4</run_address>
         <size>0xc70</size>
         <input_file_ref idref="fl-3"/>
      </object_component>
      <object_component id="oc-a5">
         <name>.text</name>
         <load_address>0xd54</load_address>
         <run_address>0xd54</run_address>
         <size>0x334</size>
         <input_file_ref idref="fl-5"/>
      </object_component>
      <object_component id="oc-ac">
         <name>.text</name>
         <load_address>0x1088</load_address>
         <run_address>0x1088</run_address>
         <size>0x1e0</size>
         <input_file_ref idref="fl-2"/>
      </object_component>
      <object_component id="oc-37">
         <name>.text</name>
         <load_address>0x1268</load_address>
         <run_address>0x1268</run_address>
         <size>0x9c</size>
         <input_file_ref idref="fl-c3"/>
      </object_component>
      <object_component id="oc-17">
         <name>.text:decompress:lzss:__TI_decompress_lzss</name>
         <load_address>0x1304</load_address>
         <run_address>0x1304</run_address>
         <size>0x68</size>
         <input_file_ref idref="fl-c1"/>
      </object_component>
      <object_component id="oc-eb">
         <name>.text:__TI_auto_init_nobinit_nopinit:__TI_auto_init_nobinit_nopinit</name>
         <load_address>0x136c</load_address>
         <run_address>0x136c</run_address>
         <size>0x44</size>
         <input_file_ref idref="fl-c5"/>
      </object_component>
      <object_component id="oc-55">
         <name>.text:_c_int00_noargs:_c_int00_noargs</name>
         <load_address>0x13b0</load_address>
         <run_address>0x13b0</run_address>
         <size>0x34</size>
         <input_file_ref idref="fl-c2"/>
      </object_component>
      <object_component id="oc-43">
         <name>.text:decompress:ZI:__TI_zero_init_nomemset:__TI_zero_init_nomemset</name>
         <load_address>0x13e4</load_address>
         <run_address>0x13e4</run_address>
         <size>0x1c</size>
         <input_file_ref idref="fl-bf"/>
      </object_component>
      <object_component id="oc-1d">
         <name>.text:decompress:none:__TI_decompress_none</name>
         <load_address>0x1400</load_address>
         <run_address>0x1400</run_address>
         <size>0xe</size>
         <input_file_ref idref="fl-c0"/>
      </object_component>
      <object_component id="oc-67">
         <name>.text</name>
         <load_address>0x140e</load_address>
         <run_address>0x140e</run_address>
         <size>0xe</size>
         <input_file_ref idref="fl-4"/>
      </object_component>
      <object_component id="oc-93">
         <name>.text:_system_pre_init</name>
         <load_address>0x141c</load_address>
         <run_address>0x141c</run_address>
         <size>0x4</size>
         <input_file_ref idref="fl-c6"/>
      </object_component>
      <object_component id="oc-df">
         <name>.text:abort:abort</name>
         <load_address>0x1420</load_address>
         <run_address>0x1420</run_address>
         <size>0x4</size>
         <input_file_ref idref="fl-c8"/>
      </object_component>
      <object_component id="oc-1c3">
         <name>.cinit..data.load</name>
         <load_address>0x1428</load_address>
         <run_address>0x1428</run_address>
         <size>0xd</size>
      </object_component>
      <object_component id="oc-1c1">
         <name>__TI_handler_table</name>
         <load_address>0x1438</load_address>
         <run_address>0x1438</run_address>
         <size>0xc</size>
      </object_component>
      <object_component id="oc-1c4">
         <name>.cinit..bss.load</name>
         <load_address>0x1448</load_address>
         <run_address>0x1448</run_address>
         <size>0x8</size>
      </object_component>
      <object_component id="oc-1c2">
         <name>__TI_cinit_table</name>
         <load_address>0x1450</load_address>
         <run_address>0x1450</run_address>
         <size>0x10</size>
      </object_component>
      <object_component id="oc-195">
         <name>.binit</name>
         <load_address>0x0</load_address>
         <run_address>0x0</run_address>
         <size>0x0</size>
      </object_component>
      <object_component id="oc-121">
         <name>.data</name>
         <load_address>0x20000030</load_address>
         <run_address>0x20000030</run_address>
         <size>0x18</size>
         <input_file_ref idref="fl-2"/>
      </object_component>
      <object_component id="oc-11d">
         <name>.data</name>
         <load_address>0x20000048</load_address>
         <run_address>0x20000048</run_address>
         <size>0x4</size>
         <input_file_ref idref="fl-5"/>
      </object_component>
      <object_component id="oc-b2">
         <name>.common:TimerA2Task</name>
         <uninitialized>true</uninitialized>
         <run_address>0x20000000</run_address>
         <size>0x4</size>
      </object_component>
      <object_component id="oc-b8">
         <name>.common:first_left</name>
         <uninitialized>true</uninitialized>
         <run_address>0x20000028</run_address>
         <size>0x2</size>
      </object_component>
      <object_component id="oc-b6">
         <name>.common:first_right</name>
         <uninitialized>true</uninitialized>
         <run_address>0x2000002a</run_address>
         <size>0x2</size>
      </object_component>
      <object_component id="oc-b7">
         <name>.common:period_left</name>
         <uninitialized>true</uninitialized>
         <run_address>0x2000002c</run_address>
         <size>0x2</size>
      </object_component>
      <object_component id="oc-b5">
         <name>.common:period_right</name>
         <uninitialized>true</uninitialized>
         <run_address>0x2000002e</run_address>
         <size>0x2</size>
      </object_component>
      <object_component id="oc-b9">
         <name>.common:left_count</name>
         <uninitialized>true</uninitialized>
         <run_address>0x20000004</run_address>
         <size>0x4</size>
      </object_component>
      <object_component id="oc-ba">
         <name>.common:sensor1</name>
         <uninitialized>true</uninitialized>
         <run_address>0x20000008</run_address>
         <size>0x4</size>
      </object_component>
      <object_component id="oc-bb">
         <name>.common:sensor2</name>
         <uninitialized>true</uninitialized>
         <run_address>0x2000000c</run_address>
         <size>0x4</size>
      </object_component>
      <object_component id="oc-bc">
         <name>.common:sensor3</name>
         <uninitialized>true</uninitialized>
         <run_address>0x20000010</run_address>
         <size>0x4</size>
      </object_component>
      <object_component id="oc-bd">
         <name>.common:sensor4</name>
         <uninitialized>true</uninitialized>
         <run_address>0x20000014</run_address>
         <size>0x4</size>
      </object_component>
      <object_component id="oc-be">
         <name>.common:sensor5</name>
         <uninitialized>true</uninitialized>
         <run_address>0x20000018</run_address>
         <size>0x4</size>
      </object_component>
      <object_component id="oc-bf">
         <name>.common:sensor6</name>
         <uninitialized>true</uninitialized>
         <run_address>0x2000001c</run_address>
         <size>0x4</size>
      </object_component>
      <object_component id="oc-c0">
         <name>.common:sensor7</name>
         <uninitialized>true</uninitialized>
         <run_address>0x20000020</run_address>
         <size>0x4</size>
      </object_component>
      <object_component id="oc-c1">
         <name>.common:sensor8</name>
         <uninitialized>true</uninitialized>
         <run_address>0x20000024</run_address>
         <size>0x4</size>
      </object_component>
      <object_component id="oc-29">
         <name>.stack</name>
         <uninitialized>true</uninitialized>
         <run_address>0x2000fe00</run_address>
         <size>0x4</size>
         <input_file_ref idref="fl-c2"/>
      </object_component>
      <object_component id="oc-1c6">
         <name>.stack</name>
         <uninitialized>true</uninitialized>
         <run_address>0x2000fe00</run_address>
         <size>0x0</size>
      </object_component>
      <object_component id="oc-136">
         <name>.debug_info</name>
         <load_address>0x0</load_address>
         <run_address>0x0</run_address>
         <size>0x52f</size>
         <input_file_ref idref="fl-2"/>
      </object_component>
      <object_component id="oc-122">
         <name>.debug_info</name>
         <load_address>0x52f</load_address>
         <run_address>0x52f</run_address>
         <size>0x18b</size>
         <input_file_ref idref="fl-2"/>
      </object_component>
      <object_component id="oc-ad">
         <name>.debug_info</name>
         <load_address>0x6ba</load_address>
         <run_address>0x6ba</run_address>
         <size>0x2af</size>
         <input_file_ref idref="fl-2"/>
      </object_component>
      <object_component id="oc-15d">
         <name>.debug_info</name>
         <load_address>0x969</load_address>
         <run_address>0x969</run_address>
         <size>0x37e2</size>
         <input_file_ref idref="fl-2"/>
      </object_component>
      <object_component id="oc-ca">
         <name>.debug_info</name>
         <load_address>0x414b</load_address>
         <run_address>0x414b</run_address>
         <size>0x26b</size>
         <input_file_ref idref="fl-2"/>
      </object_component>
      <object_component id="oc-12c">
         <name>.debug_info</name>
         <load_address>0x43b6</load_address>
         <run_address>0x43b6</run_address>
         <size>0x1055</size>
         <input_file_ref idref="fl-2"/>
      </object_component>
      <object_component id="oc-32">
         <name>.debug_info</name>
         <load_address>0x540b</load_address>
         <run_address>0x540b</run_address>
         <size>0x84</size>
         <input_file_ref idref="fl-2"/>
      </object_component>
      <object_component id="oc-131">
         <name>.debug_info</name>
         <load_address>0x548f</load_address>
         <run_address>0x548f</run_address>
         <size>0x2a4</size>
         <input_file_ref idref="fl-2"/>
      </object_component>
      <object_component id="oc-c3">
         <name>.debug_info</name>
         <load_address>0x5733</load_address>
         <run_address>0x5733</run_address>
         <size>0xbb</size>
         <input_file_ref idref="fl-2"/>
      </object_component>
      <object_component id="oc-b3">
         <name>.debug_info</name>
         <load_address>0x57ee</load_address>
         <run_address>0x57ee</run_address>
         <size>0x770</size>
         <input_file_ref idref="fl-3"/>
      </object_component>
      <object_component id="oc-6e">
         <name>.debug_info</name>
         <load_address>0x5f5e</load_address>
         <run_address>0x5f5e</run_address>
         <size>0x122d</size>
         <input_file_ref idref="fl-3"/>
      </object_component>
      <object_component id="oc-127">
         <name>.debug_info</name>
         <load_address>0x718b</load_address>
         <run_address>0x718b</run_address>
         <size>0x37e2</size>
         <input_file_ref idref="fl-3"/>
      </object_component>
      <object_component id="oc-75">
         <name>.debug_info</name>
         <load_address>0xa96d</load_address>
         <run_address>0xa96d</run_address>
         <size>0x2ce</size>
         <input_file_ref idref="fl-4"/>
      </object_component>
      <object_component id="oc-27">
         <name>.debug_info</name>
         <load_address>0xac3b</load_address>
         <run_address>0xac3b</run_address>
         <size>0xfa</size>
         <input_file_ref idref="fl-4"/>
      </object_component>
      <object_component id="oc-6a">
         <name>.debug_info</name>
         <load_address>0xad35</load_address>
         <run_address>0xad35</run_address>
         <size>0x1c1</size>
         <input_file_ref idref="fl-4"/>
      </object_component>
      <object_component id="oc-11e">
         <name>.debug_info</name>
         <load_address>0xaef6</load_address>
         <run_address>0xaef6</run_address>
         <size>0xf3</size>
         <input_file_ref idref="fl-5"/>
      </object_component>
      <object_component id="oc-a9">
         <name>.debug_info</name>
         <load_address>0xafe9</load_address>
         <run_address>0xafe9</run_address>
         <size>0x265</size>
         <input_file_ref idref="fl-5"/>
      </object_component>
      <object_component id="oc-8c">
         <name>.debug_info</name>
         <load_address>0xb24e</load_address>
         <run_address>0xb24e</run_address>
         <size>0x2d4</size>
         <input_file_ref idref="fl-bf"/>
      </object_component>
      <object_component id="oc-46">
         <name>.debug_info</name>
         <load_address>0xb522</load_address>
         <run_address>0xb522</run_address>
         <size>0x1d2</size>
         <input_file_ref idref="fl-bf"/>
      </object_component>
      <object_component id="oc-87">
         <name>.debug_info</name>
         <load_address>0xb6f4</load_address>
         <run_address>0xb6f4</run_address>
         <size>0x46</size>
         <input_file_ref idref="fl-bf"/>
      </object_component>
      <object_component id="oc-d6">
         <name>.debug_info</name>
         <load_address>0xb73a</load_address>
         <run_address>0xb73a</run_address>
         <size>0x2c</size>
         <input_file_ref idref="fl-bf"/>
      </object_component>
      <object_component id="oc-42">
         <name>.debug_info</name>
         <load_address>0xb766</load_address>
         <run_address>0xb766</run_address>
         <size>0x2a8</size>
         <input_file_ref idref="fl-c0"/>
      </object_component>
      <object_component id="oc-20">
         <name>.debug_info</name>
         <load_address>0xba0e</load_address>
         <run_address>0xba0e</run_address>
         <size>0x1ea</size>
         <input_file_ref idref="fl-c0"/>
      </object_component>
      <object_component id="oc-3d">
         <name>.debug_info</name>
         <load_address>0xbbf8</load_address>
         <run_address>0xbbf8</run_address>
         <size>0x46</size>
         <input_file_ref idref="fl-c0"/>
      </object_component>
      <object_component id="oc-7f">
         <name>.debug_info</name>
         <load_address>0xbc3e</load_address>
         <run_address>0xbc3e</run_address>
         <size>0x2c</size>
         <input_file_ref idref="fl-c0"/>
      </object_component>
      <object_component id="oc-7d">
         <name>.debug_info</name>
         <load_address>0xbc6a</load_address>
         <run_address>0xbc6a</run_address>
         <size>0x29e</size>
         <input_file_ref idref="fl-c1"/>
      </object_component>
      <object_component id="oc-1b">
         <name>.debug_info</name>
         <load_address>0xbf08</load_address>
         <run_address>0xbf08</run_address>
         <size>0x250</size>
         <input_file_ref idref="fl-c1"/>
      </object_component>
      <object_component id="oc-2d">
         <name>.debug_info</name>
         <load_address>0xc158</load_address>
         <run_address>0xc158</run_address>
         <size>0x60</size>
         <input_file_ref idref="fl-c1"/>
      </object_component>
      <object_component id="oc-cf">
         <name>.debug_info</name>
         <load_address>0xc1b8</load_address>
         <run_address>0xc1b8</run_address>
         <size>0x46</size>
         <input_file_ref idref="fl-c1"/>
      </object_component>
      <object_component id="oc-78">
         <name>.debug_info</name>
         <load_address>0xc1fe</load_address>
         <run_address>0xc1fe</run_address>
         <size>0x39</size>
         <input_file_ref idref="fl-c1"/>
      </object_component>
      <object_component id="oc-2a">
         <name>.debug_info</name>
         <load_address>0xc237</load_address>
         <run_address>0xc237</run_address>
         <size>0x10b</size>
         <input_file_ref idref="fl-c2"/>
      </object_component>
      <object_component id="oc-56">
         <name>.debug_info</name>
         <load_address>0xc342</load_address>
         <run_address>0xc342</run_address>
         <size>0x1a9</size>
         <input_file_ref idref="fl-c2"/>
      </object_component>
      <object_component id="oc-38">
         <name>.debug_info</name>
         <load_address>0xc4eb</load_address>
         <run_address>0xc4eb</run_address>
         <size>0x119</size>
         <input_file_ref idref="fl-c3"/>
      </object_component>
      <object_component id="oc-142">
         <name>.debug_info</name>
         <load_address>0xc604</load_address>
         <run_address>0xc604</run_address>
         <size>0x4b3</size>
         <input_file_ref idref="fl-c5"/>
      </object_component>
      <object_component id="oc-ef">
         <name>.debug_info</name>
         <load_address>0xcab7</load_address>
         <run_address>0xcab7</run_address>
         <size>0x1a6</size>
         <input_file_ref idref="fl-c5"/>
      </object_component>
      <object_component id="oc-172">
         <name>.debug_info</name>
         <load_address>0xcc5d</load_address>
         <run_address>0xcc5d</run_address>
         <size>0x39</size>
         <input_file_ref idref="fl-c5"/>
      </object_component>
      <object_component id="oc-186">
         <name>.debug_info</name>
         <load_address>0xcc96</load_address>
         <run_address>0xcc96</run_address>
         <size>0x39</size>
         <input_file_ref idref="fl-c5"/>
      </object_component>
      <object_component id="oc-177">
         <name>.debug_info</name>
         <load_address>0xcccf</load_address>
         <run_address>0xcccf</run_address>
         <size>0x39</size>
         <input_file_ref idref="fl-c5"/>
      </object_component>
      <object_component id="oc-17c">
         <name>.debug_info</name>
         <load_address>0xcd08</load_address>
         <run_address>0xcd08</run_address>
         <size>0xcd</size>
         <input_file_ref idref="fl-c5"/>
      </object_component>
      <object_component id="oc-96">
         <name>.debug_info</name>
         <load_address>0xcdd5</load_address>
         <run_address>0xcdd5</run_address>
         <size>0x153</size>
         <input_file_ref idref="fl-c6"/>
      </object_component>
      <object_component id="oc-e2">
         <name>.debug_info</name>
         <load_address>0xcf28</load_address>
         <run_address>0xcf28</run_address>
         <size>0x122</size>
         <input_file_ref idref="fl-c8"/>
      </object_component>
      <object_component id="oc-1c7">
         <name>.debug_info</name>
         <load_address>0xd04a</load_address>
         <run_address>0xd04a</run_address>
         <size>0xa6</size>
      </object_component>
      <object_component id="oc-15c">
         <name>.debug_line</name>
         <load_address>0x0</load_address>
         <run_address>0x0</run_address>
         <size>0x20</size>
         <input_file_ref idref="fl-2"/>
      </object_component>
      <object_component id="oc-15a">
         <name>.debug_line</name>
         <load_address>0x20</load_address>
         <run_address>0x20</run_address>
         <size>0x2e</size>
         <input_file_ref idref="fl-2"/>
      </object_component>
      <object_component id="oc-b0">
         <name>.debug_line</name>
         <load_address>0x4e</load_address>
         <run_address>0x4e</run_address>
         <size>0xfb</size>
         <input_file_ref idref="fl-2"/>
      </object_component>
      <object_component id="oc-160">
         <name>.debug_line</name>
         <load_address>0x149</load_address>
         <run_address>0x149</run_address>
         <size>0x58</size>
         <input_file_ref idref="fl-2"/>
      </object_component>
      <object_component id="oc-cd">
         <name>.debug_line</name>
         <load_address>0x1a1</load_address>
         <run_address>0x1a1</run_address>
         <size>0x6f</size>
         <input_file_ref idref="fl-2"/>
      </object_component>
      <object_component id="oc-12f">
         <name>.debug_line</name>
         <load_address>0x210</load_address>
         <run_address>0x210</run_address>
         <size>0x5b</size>
         <input_file_ref idref="fl-2"/>
      </object_component>
      <object_component id="oc-35">
         <name>.debug_line</name>
         <load_address>0x26b</load_address>
         <run_address>0x26b</run_address>
         <size>0x20</size>
         <input_file_ref idref="fl-2"/>
      </object_component>
      <object_component id="oc-134">
         <name>.debug_line</name>
         <load_address>0x28b</load_address>
         <run_address>0x28b</run_address>
         <size>0x73</size>
         <input_file_ref idref="fl-2"/>
      </object_component>
      <object_component id="oc-c6">
         <name>.debug_line</name>
         <load_address>0x2fe</load_address>
         <run_address>0x2fe</run_address>
         <size>0x70</size>
         <input_file_ref idref="fl-2"/>
      </object_component>
      <object_component id="oc-126">
         <name>.debug_line</name>
         <load_address>0x36e</load_address>
         <run_address>0x36e</run_address>
         <size>0x3b</size>
         <input_file_ref idref="fl-3"/>
      </object_component>
      <object_component id="oc-72">
         <name>.debug_line</name>
         <load_address>0x3a9</load_address>
         <run_address>0x3a9</run_address>
         <size>0x530</size>
         <input_file_ref idref="fl-3"/>
      </object_component>
      <object_component id="oc-12a">
         <name>.debug_line</name>
         <load_address>0x8d9</load_address>
         <run_address>0x8d9</run_address>
         <size>0x58</size>
         <input_file_ref idref="fl-3"/>
      </object_component>
      <object_component id="oc-c9">
         <name>.debug_line</name>
         <load_address>0x931</load_address>
         <run_address>0x931</run_address>
         <size>0x40</size>
         <input_file_ref idref="fl-4"/>
      </object_component>
      <object_component id="oc-74">
         <name>.debug_line</name>
         <load_address>0x971</load_address>
         <run_address>0x971</run_address>
         <size>0x40</size>
         <input_file_ref idref="fl-4"/>
      </object_component>
      <object_component id="oc-68">
         <name>.debug_line</name>
         <load_address>0x9b1</load_address>
         <run_address>0x9b1</run_address>
         <size>0x71</size>
         <input_file_ref idref="fl-4"/>
      </object_component>
      <object_component id="oc-158">
         <name>.debug_line</name>
         <load_address>0xa22</load_address>
         <run_address>0xa22</run_address>
         <size>0x3b</size>
         <input_file_ref idref="fl-5"/>
      </object_component>
      <object_component id="oc-a8">
         <name>.debug_line</name>
         <load_address>0xa5d</load_address>
         <run_address>0xa5d</run_address>
         <size>0x134</size>
         <input_file_ref idref="fl-5"/>
      </object_component>
      <object_component id="oc-dc">
         <name>.debug_line</name>
         <load_address>0xb91</load_address>
         <run_address>0xb91</run_address>
         <size>0x92</size>
         <input_file_ref idref="fl-bf"/>
      </object_component>
      <object_component id="oc-44">
         <name>.debug_line</name>
         <load_address>0xc23</load_address>
         <run_address>0xc23</run_address>
         <size>0x56</size>
         <input_file_ref idref="fl-bf"/>
      </object_component>
      <object_component id="oc-8a">
         <name>.debug_line</name>
         <load_address>0xc79</load_address>
         <run_address>0xc79</run_address>
         <size>0x34</size>
         <input_file_ref idref="fl-bf"/>
      </object_component>
      <object_component id="oc-d9">
         <name>.debug_line</name>
         <load_address>0xcad</load_address>
         <run_address>0xcad</run_address>
         <size>0x92</size>
         <input_file_ref idref="fl-bf"/>
      </object_component>
      <object_component id="oc-85">
         <name>.debug_line</name>
         <load_address>0xd3f</load_address>
         <run_address>0xd3f</run_address>
         <size>0x20</size>
         <input_file_ref idref="fl-c0"/>
      </object_component>
      <object_component id="oc-1f">
         <name>.debug_line</name>
         <load_address>0xd5f</load_address>
         <run_address>0xd5f</run_address>
         <size>0x55</size>
         <input_file_ref idref="fl-c0"/>
      </object_component>
      <object_component id="oc-40">
         <name>.debug_line</name>
         <load_address>0xdb4</load_address>
         <run_address>0xdb4</run_address>
         <size>0x3a</size>
         <input_file_ref idref="fl-c0"/>
      </object_component>
      <object_component id="oc-82">
         <name>.debug_line</name>
         <load_address>0xdee</load_address>
         <run_address>0xdee</run_address>
         <size>0x92</size>
         <input_file_ref idref="fl-c0"/>
      </object_component>
      <object_component id="oc-d5">
         <name>.debug_line</name>
         <load_address>0xe80</load_address>
         <run_address>0xe80</run_address>
         <size>0x20</size>
         <input_file_ref idref="fl-c1"/>
      </object_component>
      <object_component id="oc-19">
         <name>.debug_line</name>
         <load_address>0xea0</load_address>
         <run_address>0xea0</run_address>
         <size>0xa9</size>
         <input_file_ref idref="fl-c1"/>
      </object_component>
      <object_component id="oc-30">
         <name>.debug_line</name>
         <load_address>0xf49</load_address>
         <run_address>0xf49</run_address>
         <size>0x3a</size>
         <input_file_ref idref="fl-c1"/>
      </object_component>
      <object_component id="oc-d2">
         <name>.debug_line</name>
         <load_address>0xf83</load_address>
         <run_address>0xf83</run_address>
         <size>0x9a</size>
         <input_file_ref idref="fl-c1"/>
      </object_component>
      <object_component id="oc-7b">
         <name>.debug_line</name>
         <load_address>0x101d</load_address>
         <run_address>0x101d</run_address>
         <size>0x96</size>
         <input_file_ref idref="fl-c1"/>
      </object_component>
      <object_component id="oc-77">
         <name>.debug_line</name>
         <load_address>0x10b3</load_address>
         <run_address>0x10b3</run_address>
         <size>0x33</size>
         <input_file_ref idref="fl-c2"/>
      </object_component>
      <object_component id="oc-59">
         <name>.debug_line</name>
         <load_address>0x10e6</load_address>
         <run_address>0x10e6</run_address>
         <size>0x45</size>
         <input_file_ref idref="fl-c2"/>
      </object_component>
      <object_component id="oc-3b">
         <name>.debug_line</name>
         <load_address>0x112b</load_address>
         <run_address>0x112b</run_address>
         <size>0x88</size>
         <input_file_ref idref="fl-c3"/>
      </object_component>
      <object_component id="oc-171">
         <name>.debug_line</name>
         <load_address>0x11b3</load_address>
         <run_address>0x11b3</run_address>
         <size>0xbf</size>
         <input_file_ref idref="fl-c5"/>
      </object_component>
      <object_component id="oc-ed">
         <name>.debug_line</name>
         <load_address>0x1272</load_address>
         <run_address>0x1272</run_address>
         <size>0x6f</size>
         <input_file_ref idref="fl-c5"/>
      </object_component>
      <object_component id="oc-175">
         <name>.debug_line</name>
         <load_address>0x12e1</load_address>
         <run_address>0x12e1</run_address>
         <size>0x2e</size>
         <input_file_ref idref="fl-c5"/>
      </object_component>
      <object_component id="oc-189">
         <name>.debug_line</name>
         <load_address>0x130f</load_address>
         <run_address>0x130f</run_address>
         <size>0x9a</size>
         <input_file_ref idref="fl-c5"/>
      </object_component>
      <object_component id="oc-17a">
         <name>.debug_line</name>
         <load_address>0x13a9</load_address>
         <run_address>0x13a9</run_address>
         <size>0x97</size>
         <input_file_ref idref="fl-c5"/>
      </object_component>
      <object_component id="oc-17f">
         <name>.debug_line</name>
         <load_address>0x1440</load_address>
         <run_address>0x1440</run_address>
         <size>0x93</size>
         <input_file_ref idref="fl-c5"/>
      </object_component>
      <object_component id="oc-98">
         <name>.debug_line</name>
         <load_address>0x14d3</load_address>
         <run_address>0x14d3</run_address>
         <size>0x40</size>
         <input_file_ref idref="fl-c6"/>
      </object_component>
      <object_component id="oc-e0">
         <name>.debug_line</name>
         <load_address>0x1513</load_address>
         <run_address>0x1513</run_address>
         <size>0x3c</size>
         <input_file_ref idref="fl-c8"/>
      </object_component>
      <object_component id="oc-b1">
         <name>.debug_frame</name>
         <load_address>0x0</load_address>
         <run_address>0x0</run_address>
         <size>0xb0</size>
         <input_file_ref idref="fl-2"/>
      </object_component>
      <object_component id="oc-71">
         <name>.debug_frame</name>
         <load_address>0xb0</load_address>
         <run_address>0xb0</run_address>
         <size>0x290</size>
         <input_file_ref idref="fl-3"/>
      </object_component>
      <object_component id="oc-69">
         <name>.debug_frame</name>
         <load_address>0x340</load_address>
         <run_address>0x340</run_address>
         <size>0x6c</size>
         <input_file_ref idref="fl-4"/>
      </object_component>
      <object_component id="oc-a7">
         <name>.debug_frame</name>
         <load_address>0x3ac</load_address>
         <run_address>0x3ac</run_address>
         <size>0x70</size>
         <input_file_ref idref="fl-5"/>
      </object_component>
      <object_component id="oc-45">
         <name>.debug_frame</name>
         <load_address>0x41c</load_address>
         <run_address>0x41c</run_address>
         <size>0x54</size>
         <input_file_ref idref="fl-bf"/>
      </object_component>
      <object_component id="oc-22">
         <name>.debug_frame</name>
         <load_address>0x470</load_address>
         <run_address>0x470</run_address>
         <size>0x54</size>
         <input_file_ref idref="fl-c0"/>
      </object_component>
      <object_component id="oc-1a">
         <name>.debug_frame</name>
         <load_address>0x4c4</load_address>
         <run_address>0x4c4</run_address>
         <size>0x60</size>
         <input_file_ref idref="fl-c1"/>
      </object_component>
      <object_component id="oc-5a">
         <name>.debug_frame</name>
         <load_address>0x524</load_address>
         <run_address>0x524</run_address>
         <size>0x50</size>
         <input_file_ref idref="fl-c2"/>
      </object_component>
      <object_component id="oc-ec">
         <name>.debug_frame</name>
         <load_address>0x574</load_address>
         <run_address>0x574</run_address>
         <size>0x5c</size>
         <input_file_ref idref="fl-c5"/>
      </object_component>
      <object_component id="oc-94">
         <name>.debug_frame</name>
         <load_address>0x5d0</load_address>
         <run_address>0x5d0</run_address>
         <size>0x54</size>
         <input_file_ref idref="fl-c6"/>
      </object_component>
      <object_component id="oc-e4">
         <name>.debug_frame</name>
         <load_address>0x624</load_address>
         <run_address>0x624</run_address>
         <size>0x54</size>
         <input_file_ref idref="fl-c8"/>
      </object_component>
      <object_component id="oc-15b">
         <name>.debug_abbrev</name>
         <load_address>0x0</load_address>
         <run_address>0x0</run_address>
         <size>0x71</size>
         <input_file_ref idref="fl-2"/>
      </object_component>
      <object_component id="oc-159">
         <name>.debug_abbrev</name>
         <load_address>0x71</load_address>
         <run_address>0x71</run_address>
         <size>0x29</size>
         <input_file_ref idref="fl-2"/>
      </object_component>
      <object_component id="oc-124">
         <name>.debug_abbrev</name>
         <load_address>0x9a</load_address>
         <run_address>0x9a</run_address>
         <size>0xa9</size>
         <input_file_ref idref="fl-2"/>
      </object_component>
      <object_component id="oc-15f">
         <name>.debug_abbrev</name>
         <load_address>0x143</load_address>
         <run_address>0x143</run_address>
         <size>0xbd</size>
         <input_file_ref idref="fl-2"/>
      </object_component>
      <object_component id="oc-cc">
         <name>.debug_abbrev</name>
         <load_address>0x200</load_address>
         <run_address>0x200</run_address>
         <size>0x69</size>
         <input_file_ref idref="fl-2"/>
      </object_component>
      <object_component id="oc-12e">
         <name>.debug_abbrev</name>
         <load_address>0x269</load_address>
         <run_address>0x269</run_address>
         <size>0x97</size>
         <input_file_ref idref="fl-2"/>
      </object_component>
      <object_component id="oc-34">
         <name>.debug_abbrev</name>
         <load_address>0x300</load_address>
         <run_address>0x300</run_address>
         <size>0x1f</size>
         <input_file_ref idref="fl-2"/>
      </object_component>
      <object_component id="oc-133">
         <name>.debug_abbrev</name>
         <load_address>0x31f</load_address>
         <run_address>0x31f</run_address>
         <size>0x5c</size>
         <input_file_ref idref="fl-2"/>
      </object_component>
      <object_component id="oc-c5">
         <name>.debug_abbrev</name>
         <load_address>0x37b</load_address>
         <run_address>0x37b</run_address>
         <size>0x24</size>
         <input_file_ref idref="fl-2"/>
      </object_component>
      <object_component id="oc-125">
         <name>.debug_abbrev</name>
         <load_address>0x39f</load_address>
         <run_address>0x39f</run_address>
         <size>0xde</size>
         <input_file_ref idref="fl-3"/>
      </object_component>
      <object_component id="oc-c2">
         <name>.debug_abbrev</name>
         <load_address>0x47d</load_address>
         <run_address>0x47d</run_address>
         <size>0x11d</size>
         <input_file_ref idref="fl-3"/>
      </object_component>
      <object_component id="oc-129">
         <name>.debug_abbrev</name>
         <load_address>0x59a</load_address>
         <run_address>0x59a</run_address>
         <size>0xbd</size>
         <input_file_ref idref="fl-3"/>
      </object_component>
      <object_component id="oc-c8">
         <name>.debug_abbrev</name>
         <load_address>0x657</load_address>
         <run_address>0x657</run_address>
         <size>0x7c</size>
         <input_file_ref idref="fl-4"/>
      </object_component>
      <object_component id="oc-73">
         <name>.debug_abbrev</name>
         <load_address>0x6d3</load_address>
         <run_address>0x6d3</run_address>
         <size>0x29</size>
         <input_file_ref idref="fl-4"/>
      </object_component>
      <object_component id="oc-ab">
         <name>.debug_abbrev</name>
         <load_address>0x6fc</load_address>
         <run_address>0x6fc</run_address>
         <size>0x89</size>
         <input_file_ref idref="fl-4"/>
      </object_component>
      <object_component id="oc-157">
         <name>.debug_abbrev</name>
         <load_address>0x785</load_address>
         <run_address>0x785</run_address>
         <size>0x29</size>
         <input_file_ref idref="fl-5"/>
      </object_component>
      <object_component id="oc-120">
         <name>.debug_abbrev</name>
         <load_address>0x7ae</load_address>
         <run_address>0x7ae</run_address>
         <size>0x8b</size>
         <input_file_ref idref="fl-5"/>
      </object_component>
      <object_component id="oc-db">
         <name>.debug_abbrev</name>
         <load_address>0x839</load_address>
         <run_address>0x839</run_address>
         <size>0x5d</size>
         <input_file_ref idref="fl-bf"/>
      </object_component>
      <object_component id="oc-86">
         <name>.debug_abbrev</name>
         <load_address>0x896</load_address>
         <run_address>0x896</run_address>
         <size>0x6f</size>
         <input_file_ref idref="fl-bf"/>
      </object_component>
      <object_component id="oc-89">
         <name>.debug_abbrev</name>
         <load_address>0x905</load_address>
         <run_address>0x905</run_address>
         <size>0x24</size>
         <input_file_ref idref="fl-bf"/>
      </object_component>
      <object_component id="oc-d8">
         <name>.debug_abbrev</name>
         <load_address>0x929</load_address>
         <run_address>0x929</run_address>
         <size>0x24</size>
         <input_file_ref idref="fl-bf"/>
      </object_component>
      <object_component id="oc-84">
         <name>.debug_abbrev</name>
         <load_address>0x94d</load_address>
         <run_address>0x94d</run_address>
         <size>0x37</size>
         <input_file_ref idref="fl-c0"/>
      </object_component>
      <object_component id="oc-3c">
         <name>.debug_abbrev</name>
         <load_address>0x984</load_address>
         <run_address>0x984</run_address>
         <size>0x74</size>
         <input_file_ref idref="fl-c0"/>
      </object_component>
      <object_component id="oc-3f">
         <name>.debug_abbrev</name>
         <load_address>0x9f8</load_address>
         <run_address>0x9f8</run_address>
         <size>0x24</size>
         <input_file_ref idref="fl-c0"/>
      </object_component>
      <object_component id="oc-81">
         <name>.debug_abbrev</name>
         <load_address>0xa1c</load_address>
         <run_address>0xa1c</run_address>
         <size>0x24</size>
         <input_file_ref idref="fl-c0"/>
      </object_component>
      <object_component id="oc-d4">
         <name>.debug_abbrev</name>
         <load_address>0xa40</load_address>
         <run_address>0xa40</run_address>
         <size>0x37</size>
         <input_file_ref idref="fl-c1"/>
      </object_component>
      <object_component id="oc-2c">
         <name>.debug_abbrev</name>
         <load_address>0xa77</load_address>
         <run_address>0xa77</run_address>
         <size>0x6f</size>
         <input_file_ref idref="fl-c1"/>
      </object_component>
      <object_component id="oc-2f">
         <name>.debug_abbrev</name>
         <load_address>0xae6</load_address>
         <run_address>0xae6</run_address>
         <size>0x24</size>
         <input_file_ref idref="fl-c1"/>
      </object_component>
      <object_component id="oc-d1">
         <name>.debug_abbrev</name>
         <load_address>0xb0a</load_address>
         <run_address>0xb0a</run_address>
         <size>0x35</size>
         <input_file_ref idref="fl-c1"/>
      </object_component>
      <object_component id="oc-7a">
         <name>.debug_abbrev</name>
         <load_address>0xb3f</load_address>
         <run_address>0xb3f</run_address>
         <size>0x24</size>
         <input_file_ref idref="fl-c1"/>
      </object_component>
      <object_component id="oc-76">
         <name>.debug_abbrev</name>
         <load_address>0xb63</load_address>
         <run_address>0xb63</run_address>
         <size>0x29</size>
         <input_file_ref idref="fl-c2"/>
      </object_component>
      <object_component id="oc-9c">
         <name>.debug_abbrev</name>
         <load_address>0xb8c</load_address>
         <run_address>0xb8c</run_address>
         <size>0x55</size>
         <input_file_ref idref="fl-c2"/>
      </object_component>
      <object_component id="oc-7e">
         <name>.debug_abbrev</name>
         <load_address>0xbe1</load_address>
         <run_address>0xbe1</run_address>
         <size>0x3e</size>
         <input_file_ref idref="fl-c3"/>
      </object_component>
      <object_component id="oc-170">
         <name>.debug_abbrev</name>
         <load_address>0xc1f</load_address>
         <run_address>0xc1f</run_address>
         <size>0xc0</size>
         <input_file_ref idref="fl-c5"/>
      </object_component>
      <object_component id="oc-141">
         <name>.debug_abbrev</name>
         <load_address>0xcdf</load_address>
         <run_address>0xcdf</run_address>
         <size>0x7e</size>
         <input_file_ref idref="fl-c5"/>
      </object_component>
      <object_component id="oc-174">
         <name>.debug_abbrev</name>
         <load_address>0xd5d</load_address>
         <run_address>0xd5d</run_address>
         <size>0x24</size>
         <input_file_ref idref="fl-c5"/>
      </object_component>
      <object_component id="oc-188">
         <name>.debug_abbrev</name>
         <load_address>0xd81</load_address>
         <run_address>0xd81</run_address>
         <size>0x24</size>
         <input_file_ref idref="fl-c5"/>
      </object_component>
      <object_component id="oc-179">
         <name>.debug_abbrev</name>
         <load_address>0xda5</load_address>
         <run_address>0xda5</run_address>
         <size>0x24</size>
         <input_file_ref idref="fl-c5"/>
      </object_component>
      <object_component id="oc-17e">
         <name>.debug_abbrev</name>
         <load_address>0xdc9</load_address>
         <run_address>0xdc9</run_address>
         <size>0x4b</size>
         <input_file_ref idref="fl-c5"/>
      </object_component>
      <object_component id="oc-de">
         <name>.debug_abbrev</name>
         <load_address>0xe14</load_address>
         <run_address>0xe14</run_address>
         <size>0x55</size>
         <input_file_ref idref="fl-c6"/>
      </object_component>
      <object_component id="oc-137">
         <name>.debug_abbrev</name>
         <load_address>0xe69</load_address>
         <run_address>0xe69</run_address>
         <size>0x45</size>
         <input_file_ref idref="fl-c8"/>
      </object_component>
      <object_component id="oc-1c8">
         <name>.debug_abbrev</name>
         <load_address>0xeae</load_address>
         <run_address>0xeae</run_address>
         <size>0xf</size>
      </object_component>
      <object_component id="oc-161">
         <name>.debug_str</name>
         <load_address>0x0</load_address>
         <run_address>0x0</run_address>
         <size>0x15d0</size>
         <input_file_ref idref="fl-2"/>
      </object_component>
      <object_component id="oc-ce">
         <name>.debug_str</name>
         <load_address>0x15d0</load_address>
         <run_address>0x15d0</run_address>
         <size>0x2b7</size>
         <input_file_ref idref="fl-2"/>
      </object_component>
      <object_component id="oc-130">
         <name>.debug_str</name>
         <load_address>0x1887</load_address>
         <run_address>0x1887</run_address>
         <size>0x48c</size>
         <input_file_ref idref="fl-2"/>
      </object_component>
      <object_component id="oc-36">
         <name>.debug_str</name>
         <load_address>0x1d13</load_address>
         <run_address>0x1d13</run_address>
         <size>0xfd</size>
         <input_file_ref idref="fl-2"/>
      </object_component>
      <object_component id="oc-135">
         <name>.debug_str</name>
         <load_address>0x1e10</load_address>
         <run_address>0x1e10</run_address>
         <size>0x34d</size>
         <input_file_ref idref="fl-2"/>
      </object_component>
      <object_component id="oc-c7">
         <name>.debug_str</name>
         <load_address>0x215d</load_address>
         <run_address>0x215d</run_address>
         <size>0x14f</size>
         <input_file_ref idref="fl-2"/>
      </object_component>
      <object_component id="oc-12b">
         <name>.debug_str</name>
         <load_address>0x22ac</load_address>
         <run_address>0x22ac</run_address>
         <size>0x15d0</size>
         <input_file_ref idref="fl-3"/>
      </object_component>
      <object_component id="oc-8b">
         <name>.debug_str</name>
         <load_address>0x387c</load_address>
         <run_address>0x387c</run_address>
         <size>0x105</size>
         <input_file_ref idref="fl-bf"/>
      </object_component>
      <object_component id="oc-da">
         <name>.debug_str</name>
         <load_address>0x3981</load_address>
         <run_address>0x3981</run_address>
         <size>0x140</size>
         <input_file_ref idref="fl-bf"/>
      </object_component>
      <object_component id="oc-41">
         <name>.debug_str</name>
         <load_address>0x3ac1</load_address>
         <run_address>0x3ac1</run_address>
         <size>0x10b</size>
         <input_file_ref idref="fl-c0"/>
      </object_component>
      <object_component id="oc-83">
         <name>.debug_str</name>
         <load_address>0x3bcc</load_address>
         <run_address>0x3bcc</run_address>
         <size>0x140</size>
         <input_file_ref idref="fl-c0"/>
      </object_component>
      <object_component id="oc-31">
         <name>.debug_str</name>
         <load_address>0x3d0c</load_address>
         <run_address>0x3d0c</run_address>
         <size>0x118</size>
         <input_file_ref idref="fl-c1"/>
      </object_component>
      <object_component id="oc-d3">
         <name>.debug_str</name>
         <load_address>0x3e24</load_address>
         <run_address>0x3e24</run_address>
         <size>0x16b</size>
         <input_file_ref idref="fl-c1"/>
      </object_component>
      <object_component id="oc-7c">
         <name>.debug_str</name>
         <load_address>0x3f8f</load_address>
         <run_address>0x3f8f</run_address>
         <size>0x158</size>
         <input_file_ref idref="fl-c1"/>
      </object_component>
      <object_component id="oc-176">
         <name>.debug_str</name>
         <load_address>0x40e7</load_address>
         <run_address>0x40e7</run_address>
         <size>0xed</size>
         <input_file_ref idref="fl-c5"/>
      </object_component>
      <object_component id="oc-18a">
         <name>.debug_str</name>
         <load_address>0x41d4</load_address>
         <run_address>0x41d4</run_address>
         <size>0x157</size>
         <input_file_ref idref="fl-c5"/>
      </object_component>
      <object_component id="oc-17b">
         <name>.debug_str</name>
         <load_address>0x432b</load_address>
         <run_address>0x432b</run_address>
         <size>0x150</size>
         <input_file_ref idref="fl-c5"/>
      </object_component>
      <object_component id="oc-180">
         <name>.debug_str</name>
         <load_address>0x447b</load_address>
         <run_address>0x447b</run_address>
         <size>0x197</size>
         <input_file_ref idref="fl-c5"/>
      </object_component>
      <object_component id="oc-ae">
         <name>.debug_aranges</name>
         <load_address>0x0</load_address>
         <run_address>0x0</run_address>
         <size>0x40</size>
         <input_file_ref idref="fl-2"/>
      </object_component>
      <object_component id="oc-6f">
         <name>.debug_aranges</name>
         <load_address>0x40</load_address>
         <run_address>0x40</run_address>
         <size>0xe8</size>
         <input_file_ref idref="fl-3"/>
      </object_component>
      <object_component id="oc-6c">
         <name>.debug_aranges</name>
         <load_address>0x128</load_address>
         <run_address>0x128</run_address>
         <size>0x28</size>
         <input_file_ref idref="fl-4"/>
      </object_component>
      <object_component id="oc-a6">
         <name>.debug_aranges</name>
         <load_address>0x150</load_address>
         <run_address>0x150</run_address>
         <size>0x28</size>
         <input_file_ref idref="fl-5"/>
      </object_component>
      <object_component id="oc-47">
         <name>.debug_aranges</name>
         <load_address>0x178</load_address>
         <run_address>0x178</run_address>
         <size>0x20</size>
         <input_file_ref idref="fl-bf"/>
      </object_component>
      <object_component id="oc-1e">
         <name>.debug_aranges</name>
         <load_address>0x198</load_address>
         <run_address>0x198</run_address>
         <size>0x20</size>
         <input_file_ref idref="fl-c0"/>
      </object_component>
      <object_component id="oc-18">
         <name>.debug_aranges</name>
         <load_address>0x1b8</load_address>
         <run_address>0x1b8</run_address>
         <size>0x20</size>
         <input_file_ref idref="fl-c1"/>
      </object_component>
      <object_component id="oc-57">
         <name>.debug_aranges</name>
         <load_address>0x1d8</load_address>
         <run_address>0x1d8</run_address>
         <size>0x20</size>
         <input_file_ref idref="fl-c2"/>
      </object_component>
      <object_component id="oc-39">
         <name>.debug_aranges</name>
         <load_address>0x1f8</load_address>
         <run_address>0x1f8</run_address>
         <size>0x20</size>
         <input_file_ref idref="fl-c3"/>
      </object_component>
      <object_component id="oc-ee">
         <name>.debug_aranges</name>
         <load_address>0x218</load_address>
         <run_address>0x218</run_address>
         <size>0x20</size>
         <input_file_ref idref="fl-c5"/>
      </object_component>
      <object_component id="oc-95">
         <name>.debug_aranges</name>
         <load_address>0x238</load_address>
         <run_address>0x238</run_address>
         <size>0x20</size>
         <input_file_ref idref="fl-c6"/>
      </object_component>
      <object_component id="oc-e1">
         <name>.debug_aranges</name>
         <load_address>0x258</load_address>
         <run_address>0x258</run_address>
         <size>0x20</size>
         <input_file_ref idref="fl-c8"/>
      </object_component>
      <object_component id="oc-123">
         <name>.debug_pubnames</name>
         <load_address>0x0</load_address>
         <run_address>0x0</run_address>
         <size>0x67</size>
         <input_file_ref idref="fl-2"/>
      </object_component>
      <object_component id="oc-af">
         <name>.debug_pubnames</name>
         <load_address>0x67</load_address>
         <run_address>0x67</run_address>
         <size>0x68</size>
         <input_file_ref idref="fl-2"/>
      </object_component>
      <object_component id="oc-b4">
         <name>.debug_pubnames</name>
         <load_address>0xcf</load_address>
         <run_address>0xcf</run_address>
         <size>0xd1</size>
         <input_file_ref idref="fl-3"/>
      </object_component>
      <object_component id="oc-70">
         <name>.debug_pubnames</name>
         <load_address>0x1a0</load_address>
         <run_address>0x1a0</run_address>
         <size>0x1e2</size>
         <input_file_ref idref="fl-3"/>
      </object_component>
      <object_component id="oc-28">
         <name>.debug_pubnames</name>
         <load_address>0x382</load_address>
         <run_address>0x382</run_address>
         <size>0x27</size>
         <input_file_ref idref="fl-4"/>
      </object_component>
      <object_component id="oc-6b">
         <name>.debug_pubnames</name>
         <load_address>0x3a9</load_address>
         <run_address>0x3a9</run_address>
         <size>0x38</size>
         <input_file_ref idref="fl-4"/>
      </object_component>
      <object_component id="oc-11f">
         <name>.debug_pubnames</name>
         <load_address>0x3e1</load_address>
         <run_address>0x3e1</run_address>
         <size>0x26</size>
         <input_file_ref idref="fl-5"/>
      </object_component>
      <object_component id="oc-aa">
         <name>.debug_pubnames</name>
         <load_address>0x407</load_address>
         <run_address>0x407</run_address>
         <size>0x3b</size>
         <input_file_ref idref="fl-5"/>
      </object_component>
      <object_component id="oc-48">
         <name>.debug_pubnames</name>
         <load_address>0x442</load_address>
         <run_address>0x442</run_address>
         <size>0x2e</size>
         <input_file_ref idref="fl-bf"/>
      </object_component>
      <object_component id="oc-21">
         <name>.debug_pubnames</name>
         <load_address>0x470</load_address>
         <run_address>0x470</run_address>
         <size>0x2b</size>
         <input_file_ref idref="fl-c0"/>
      </object_component>
      <object_component id="oc-1c">
         <name>.debug_pubnames</name>
         <load_address>0x49b</load_address>
         <run_address>0x49b</run_address>
         <size>0x2b</size>
         <input_file_ref idref="fl-c1"/>
      </object_component>
      <object_component id="oc-2b">
         <name>.debug_pubnames</name>
         <load_address>0x4c6</load_address>
         <run_address>0x4c6</run_address>
         <size>0x1e</size>
         <input_file_ref idref="fl-c2"/>
      </object_component>
      <object_component id="oc-58">
         <name>.debug_pubnames</name>
         <load_address>0x4e4</load_address>
         <run_address>0x4e4</run_address>
         <size>0x26</size>
         <input_file_ref idref="fl-c2"/>
      </object_component>
      <object_component id="oc-3a">
         <name>.debug_pubnames</name>
         <load_address>0x50a</load_address>
         <run_address>0x50a</run_address>
         <size>0x1d</size>
         <input_file_ref idref="fl-c3"/>
      </object_component>
      <object_component id="oc-f0">
         <name>.debug_pubnames</name>
         <load_address>0x527</load_address>
         <run_address>0x527</run_address>
         <size>0x35</size>
         <input_file_ref idref="fl-c5"/>
      </object_component>
      <object_component id="oc-97">
         <name>.debug_pubnames</name>
         <load_address>0x55c</load_address>
         <run_address>0x55c</run_address>
         <size>0x27</size>
         <input_file_ref idref="fl-c6"/>
      </object_component>
      <object_component id="oc-e3">
         <name>.debug_pubnames</name>
         <load_address>0x583</load_address>
         <run_address>0x583</run_address>
         <size>0x1c</size>
         <input_file_ref idref="fl-c8"/>
      </object_component>
      <object_component id="oc-15e">
         <name>.debug_pubtypes</name>
         <load_address>0x0</load_address>
         <run_address>0x0</run_address>
         <size>0x2ce</size>
         <input_file_ref idref="fl-2"/>
      </object_component>
      <object_component id="oc-cb">
         <name>.debug_pubtypes</name>
         <load_address>0x2ce</load_address>
         <run_address>0x2ce</run_address>
         <size>0x25c</size>
         <input_file_ref idref="fl-2"/>
      </object_component>
      <object_component id="oc-12d">
         <name>.debug_pubtypes</name>
         <load_address>0x52a</load_address>
         <run_address>0x52a</run_address>
         <size>0xdd</size>
         <input_file_ref idref="fl-2"/>
      </object_component>
      <object_component id="oc-33">
         <name>.debug_pubtypes</name>
         <load_address>0x607</load_address>
         <run_address>0x607</run_address>
         <size>0xed</size>
         <input_file_ref idref="fl-2"/>
      </object_component>
      <object_component id="oc-132">
         <name>.debug_pubtypes</name>
         <load_address>0x6f4</load_address>
         <run_address>0x6f4</run_address>
         <size>0x330</size>
         <input_file_ref idref="fl-2"/>
      </object_component>
      <object_component id="oc-c4">
         <name>.debug_pubtypes</name>
         <load_address>0xa24</load_address>
         <run_address>0xa24</run_address>
         <size>0xaa</size>
         <input_file_ref idref="fl-2"/>
      </object_component>
      <object_component id="oc-128">
         <name>.debug_pubtypes</name>
         <load_address>0xace</load_address>
         <run_address>0xace</run_address>
         <size>0x2ce</size>
         <input_file_ref idref="fl-3"/>
      </object_component>
      <object_component id="oc-88">
         <name>.debug_pubtypes</name>
         <load_address>0xd9c</load_address>
         <run_address>0xd9c</run_address>
         <size>0x48</size>
         <input_file_ref idref="fl-bf"/>
      </object_component>
      <object_component id="oc-d7">
         <name>.debug_pubtypes</name>
         <load_address>0xde4</load_address>
         <run_address>0xde4</run_address>
         <size>0x1d</size>
         <input_file_ref idref="fl-bf"/>
      </object_component>
      <object_component id="oc-3e">
         <name>.debug_pubtypes</name>
         <load_address>0xe01</load_address>
         <run_address>0xe01</run_address>
         <size>0x48</size>
         <input_file_ref idref="fl-c0"/>
      </object_component>
      <object_component id="oc-80">
         <name>.debug_pubtypes</name>
         <load_address>0xe49</load_address>
         <run_address>0xe49</run_address>
         <size>0x1d</size>
         <input_file_ref idref="fl-c0"/>
      </object_component>
      <object_component id="oc-2e">
         <name>.debug_pubtypes</name>
         <load_address>0xe66</load_address>
         <run_address>0xe66</run_address>
         <size>0x5d</size>
         <input_file_ref idref="fl-c1"/>
      </object_component>
      <object_component id="oc-d0">
         <name>.debug_pubtypes</name>
         <load_address>0xec3</load_address>
         <run_address>0xec3</run_address>
         <size>0x48</size>
         <input_file_ref idref="fl-c1"/>
      </object_component>
      <object_component id="oc-79">
         <name>.debug_pubtypes</name>
         <load_address>0xf0b</load_address>
         <run_address>0xf0b</run_address>
         <size>0x35</size>
         <input_file_ref idref="fl-c1"/>
      </object_component>
      <object_component id="oc-173">
         <name>.debug_pubtypes</name>
         <load_address>0xf40</load_address>
         <run_address>0xf40</run_address>
         <size>0x32</size>
         <input_file_ref idref="fl-c5"/>
      </object_component>
      <object_component id="oc-187">
         <name>.debug_pubtypes</name>
         <load_address>0xf72</load_address>
         <run_address>0xf72</run_address>
         <size>0x30</size>
         <input_file_ref idref="fl-c5"/>
      </object_component>
      <object_component id="oc-178">
         <name>.debug_pubtypes</name>
         <load_address>0xfa2</load_address>
         <run_address>0xfa2</run_address>
         <size>0x2c</size>
         <input_file_ref idref="fl-c5"/>
      </object_component>
      <object_component id="oc-17d">
         <name>.debug_pubtypes</name>
         <load_address>0xfce</load_address>
         <run_address>0xfce</run_address>
         <size>0x50</size>
         <input_file_ref idref="fl-c5"/>
      </object_component>
   </object_component_list>
   <logical_group_list>
      <logical_group id="lg-3" display="no" color="cyan">
         <name>.intvecs</name>
         <load_address>0x0</load_address>
         <run_address>0x0</run_address>
         <size>0xe4</size>
         <contents>
            <object_component_ref idref="oc-26"/>
         </contents>
      </logical_group>
      <logical_group id="lg-4" display="no" color="cyan">
         <name>.text</name>
         <load_address>0xe4</load_address>
         <run_address>0xe4</run_address>
         <size>0x1340</size>
         <contents>
            <object_component_ref idref="oc-6d"/>
            <object_component_ref idref="oc-a5"/>
            <object_component_ref idref="oc-ac"/>
            <object_component_ref idref="oc-37"/>
            <object_component_ref idref="oc-17"/>
            <object_component_ref idref="oc-eb"/>
            <object_component_ref idref="oc-55"/>
            <object_component_ref idref="oc-43"/>
            <object_component_ref idref="oc-1d"/>
            <object_component_ref idref="oc-67"/>
            <object_component_ref idref="oc-93"/>
            <object_component_ref idref="oc-df"/>
         </contents>
      </logical_group>
      <logical_group id="lg-5" display="no" color="cyan">
         <name>.const</name>
         <run_address>0x0</run_address>
         <size>0x0</size>
         <contents>
         </contents>
      </logical_group>
      <logical_group id="lg-6" display="no" color="cyan">
         <name>.cinit</name>
         <load_address>0x1428</load_address>
         <run_address>0x1428</run_address>
         <size>0x38</size>
         <contents>
            <object_component_ref idref="oc-1c3"/>
            <object_component_ref idref="oc-1c1"/>
            <object_component_ref idref="oc-1c4"/>
            <object_component_ref idref="oc-1c2"/>
         </contents>
      </logical_group>
      <logical_group id="lg-7" display="no" color="cyan">
         <name>.pinit</name>
         <run_address>0x0</run_address>
         <size>0x0</size>
         <contents>
         </contents>
      </logical_group>
      <logical_group id="lg-8" display="no" color="cyan">
         <name>.init_array</name>
         <run_address>0x0</run_address>
         <size>0x0</size>
         <contents>
         </contents>
      </logical_group>
      <logical_group id="lg-9" display="no" color="cyan">
         <name>.binit</name>
         <load_address>0x0</load_address>
         <run_address>0x0</run_address>
         <size>0x0</size>
         <contents>
            <object_component_ref idref="oc-195"/>
         </contents>
      </logical_group>
      <logical_group id="lg-a" display="no" color="cyan">
         <name>.flashMailbox</name>
         <run_address>0x0</run_address>
         <size>0x0</size>
         <contents>
         </contents>
      </logical_group>
      <logical_group id="lg-b" display="no" color="cyan">
         <name>.tlvTable</name>
         <run_address>0x0</run_address>
         <size>0x0</size>
         <contents>
         </contents>
      </logical_group>
      <logical_group id="lg-c" display="no" color="cyan">
         <name>.bslArea</name>
         <run_address>0x0</run_address>
         <size>0x0</size>
         <contents>
         </contents>
      </logical_group>
      <logical_group id="lg-d" display="no" color="cyan">
         <name>.vtable</name>
         <run_address>0x0</run_address>
         <size>0x0</size>
         <contents>
         </contents>
      </logical_group>
      <logical_group id="lg-e" display="no" color="cyan">
         <name>.data</name>
         <run_address>0x20000030</run_address>
         <size>0x1c</size>
         <contents>
            <object_component_ref idref="oc-121"/>
            <object_component_ref idref="oc-11d"/>
         </contents>
      </logical_group>
      <logical_group id="lg-f" display="no" color="cyan">
         <name>.bss</name>
         <run_address>0x20000000</run_address>
         <size>0x30</size>
         <contents>
            <object_component_ref idref="oc-b2"/>
            <object_component_ref idref="oc-b8"/>
            <object_component_ref idref="oc-b6"/>
            <object_component_ref idref="oc-b7"/>
            <object_component_ref idref="oc-b5"/>
            <object_component_ref idref="oc-b9"/>
            <object_component_ref idref="oc-ba"/>
            <object_component_ref idref="oc-bb"/>
            <object_component_ref idref="oc-bc"/>
            <object_component_ref idref="oc-bd"/>
            <object_component_ref idref="oc-be"/>
            <object_component_ref idref="oc-bf"/>
            <object_component_ref idref="oc-c0"/>
            <object_component_ref idref="oc-c1"/>
         </contents>
      </logical_group>
      <logical_group id="lg-10" display="no" color="cyan">
         <name>.sysmem</name>
         <run_address>0x0</run_address>
         <size>0x0</size>
         <contents>
         </contents>
      </logical_group>
      <logical_group id="lg-11" display="no" color="cyan">
         <name>.stack</name>
         <run_address>0x2000fe00</run_address>
         <size>0x200</size>
         <contents>
            <object_component_ref idref="oc-29"/>
            <object_component_ref idref="oc-1c6"/>
         </contents>
      </logical_group>
      <logical_group id="lg-12" display="no" color="cyan">
         <name>.TI.ramfunc</name>
         <run_address>0x0</run_address>
         <size>0x0</size>
         <contents>
         </contents>
      </logical_group>
      <logical_group id="lg-192" display="no" color="cyan">
         <name>.TI.noinit</name>
         <run_address>0x0</run_address>
         <size>0x0</size>
         <contents>
         </contents>
      </logical_group>
      <logical_group id="lg-193" display="no" color="cyan">
         <name>.TI.persistent</name>
         <run_address>0x0</run_address>
         <size>0x0</size>
         <contents>
         </contents>
      </logical_group>
      <logical_group id="lg-194" display="no" color="cyan">
         <name>__llvm_prf_cnts</name>
         <run_address>0x20000000</run_address>
         <size>0x0</size>
         <contents>
         </contents>
      </logical_group>
      <logical_group id="lg-1a9" display="never" color="cyan">
         <name>.debug_info</name>
         <load_address>0x0</load_address>
         <run_address>0x0</run_address>
         <size>0xd0f0</size>
         <contents>
            <object_component_ref idref="oc-136"/>
            <object_component_ref idref="oc-122"/>
            <object_component_ref idref="oc-ad"/>
            <object_component_ref idref="oc-15d"/>
            <object_component_ref idref="oc-ca"/>
            <object_component_ref idref="oc-12c"/>
            <object_component_ref idref="oc-32"/>
            <object_component_ref idref="oc-131"/>
            <object_component_ref idref="oc-c3"/>
            <object_component_ref idref="oc-b3"/>
            <object_component_ref idref="oc-6e"/>
            <object_component_ref idref="oc-127"/>
            <object_component_ref idref="oc-75"/>
            <object_component_ref idref="oc-27"/>
            <object_component_ref idref="oc-6a"/>
            <object_component_ref idref="oc-11e"/>
            <object_component_ref idref="oc-a9"/>
            <object_component_ref idref="oc-8c"/>
            <object_component_ref idref="oc-46"/>
            <object_component_ref idref="oc-87"/>
            <object_component_ref idref="oc-d6"/>
            <object_component_ref idref="oc-42"/>
            <object_component_ref idref="oc-20"/>
            <object_component_ref idref="oc-3d"/>
            <object_component_ref idref="oc-7f"/>
            <object_component_ref idref="oc-7d"/>
            <object_component_ref idref="oc-1b"/>
            <object_component_ref idref="oc-2d"/>
            <object_component_ref idref="oc-cf"/>
            <object_component_ref idref="oc-78"/>
            <object_component_ref idref="oc-2a"/>
            <object_component_ref idref="oc-56"/>
            <object_component_ref idref="oc-38"/>
            <object_component_ref idref="oc-142"/>
            <object_component_ref idref="oc-ef"/>
            <object_component_ref idref="oc-172"/>
            <object_component_ref idref="oc-186"/>
            <object_component_ref idref="oc-177"/>
            <object_component_ref idref="oc-17c"/>
            <object_component_ref idref="oc-96"/>
            <object_component_ref idref="oc-e2"/>
            <object_component_ref idref="oc-1c7"/>
         </contents>
      </logical_group>
      <logical_group id="lg-1ab" display="never" color="cyan">
         <name>.debug_line</name>
         <load_address>0x0</load_address>
         <run_address>0x0</run_address>
         <size>0x154f</size>
         <contents>
            <object_component_ref idref="oc-15c"/>
            <object_component_ref idref="oc-15a"/>
            <object_component_ref idref="oc-b0"/>
            <object_component_ref idref="oc-160"/>
            <object_component_ref idref="oc-cd"/>
            <object_component_ref idref="oc-12f"/>
            <object_component_ref idref="oc-35"/>
            <object_component_ref idref="oc-134"/>
            <object_component_ref idref="oc-c6"/>
            <object_component_ref idref="oc-126"/>
            <object_component_ref idref="oc-72"/>
            <object_component_ref idref="oc-12a"/>
            <object_component_ref idref="oc-c9"/>
            <object_component_ref idref="oc-74"/>
            <object_component_ref idref="oc-68"/>
            <object_component_ref idref="oc-158"/>
            <object_component_ref idref="oc-a8"/>
            <object_component_ref idref="oc-dc"/>
            <object_component_ref idref="oc-44"/>
            <object_component_ref idref="oc-8a"/>
            <object_component_ref idref="oc-d9"/>
            <object_component_ref idref="oc-85"/>
            <object_component_ref idref="oc-1f"/>
            <object_component_ref idref="oc-40"/>
            <object_component_ref idref="oc-82"/>
            <object_component_ref idref="oc-d5"/>
            <object_component_ref idref="oc-19"/>
            <object_component_ref idref="oc-30"/>
            <object_component_ref idref="oc-d2"/>
            <object_component_ref idref="oc-7b"/>
            <object_component_ref idref="oc-77"/>
            <object_component_ref idref="oc-59"/>
            <object_component_ref idref="oc-3b"/>
            <object_component_ref idref="oc-171"/>
            <object_component_ref idref="oc-ed"/>
            <object_component_ref idref="oc-175"/>
            <object_component_ref idref="oc-189"/>
            <object_component_ref idref="oc-17a"/>
            <object_component_ref idref="oc-17f"/>
            <object_component_ref idref="oc-98"/>
            <object_component_ref idref="oc-e0"/>
         </contents>
      </logical_group>
      <logical_group id="lg-1ad" display="never" color="cyan">
         <name>.debug_frame</name>
         <load_address>0x0</load_address>
         <run_address>0x0</run_address>
         <size>0x678</size>
         <contents>
            <object_component_ref idref="oc-b1"/>
            <object_component_ref idref="oc-71"/>
            <object_component_ref idref="oc-69"/>
            <object_component_ref idref="oc-a7"/>
            <object_component_ref idref="oc-45"/>
            <object_component_ref idref="oc-22"/>
            <object_component_ref idref="oc-1a"/>
            <object_component_ref idref="oc-5a"/>
            <object_component_ref idref="oc-ec"/>
            <object_component_ref idref="oc-94"/>
            <object_component_ref idref="oc-e4"/>
         </contents>
      </logical_group>
      <logical_group id="lg-1af" display="never" color="cyan">
         <name>.debug_abbrev</name>
         <load_address>0x0</load_address>
         <run_address>0x0</run_address>
         <size>0xebd</size>
         <contents>
            <object_component_ref idref="oc-15b"/>
            <object_component_ref idref="oc-159"/>
            <object_component_ref idref="oc-124"/>
            <object_component_ref idref="oc-15f"/>
            <object_component_ref idref="oc-cc"/>
            <object_component_ref idref="oc-12e"/>
            <object_component_ref idref="oc-34"/>
            <object_component_ref idref="oc-133"/>
            <object_component_ref idref="oc-c5"/>
            <object_component_ref idref="oc-125"/>
            <object_component_ref idref="oc-c2"/>
            <object_component_ref idref="oc-129"/>
            <object_component_ref idref="oc-c8"/>
            <object_component_ref idref="oc-73"/>
            <object_component_ref idref="oc-ab"/>
            <object_component_ref idref="oc-157"/>
            <object_component_ref idref="oc-120"/>
            <object_component_ref idref="oc-db"/>
            <object_component_ref idref="oc-86"/>
            <object_component_ref idref="oc-89"/>
            <object_component_ref idref="oc-d8"/>
            <object_component_ref idref="oc-84"/>
            <object_component_ref idref="oc-3c"/>
            <object_component_ref idref="oc-3f"/>
            <object_component_ref idref="oc-81"/>
            <object_component_ref idref="oc-d4"/>
            <object_component_ref idref="oc-2c"/>
            <object_component_ref idref="oc-2f"/>
            <object_component_ref idref="oc-d1"/>
            <object_component_ref idref="oc-7a"/>
            <object_component_ref idref="oc-76"/>
            <object_component_ref idref="oc-9c"/>
            <object_component_ref idref="oc-7e"/>
            <object_component_ref idref="oc-170"/>
            <object_component_ref idref="oc-141"/>
            <object_component_ref idref="oc-174"/>
            <object_component_ref idref="oc-188"/>
            <object_component_ref idref="oc-179"/>
            <object_component_ref idref="oc-17e"/>
            <object_component_ref idref="oc-de"/>
            <object_component_ref idref="oc-137"/>
            <object_component_ref idref="oc-1c8"/>
         </contents>
      </logical_group>
      <logical_group id="lg-1b1" display="never" color="cyan">
         <name>.debug_str</name>
         <load_address>0x0</load_address>
         <run_address>0x0</run_address>
[...]
            </allocated_space>
         </usage_details>
      </memory_area>
   </placement_map>
   <cptbl_list>
      <cptbl>
         <name>__TI_cinit_table</name>
         <cprec>
            <name>.data</name>
            <load_address>0x1428</load_address>
            <load_size>0xd</load_size>
            <run_address>0x20000030</run_address>
            <run_size>0x1c</run_size>
            <compression>lzss</compression>
         </cprec>
         <cprec>
            <name>.bss</name>
            <load_address>0x1448</load_address>
            <load_size>0x8</load_size>
            <run_address>0x20000000</run_address>
            <run_size>0x30</run_size>
            <compression>zero_init</compression>
         </cprec>
      </cptbl>
   </cptbl_list>
   <handler_table>
      <handler_table_name>__TI_handler_table</handler_table_name>
      <handler>
         <index>0x0</index>
         <name>__TI_decompress_lzss</name>
      </handler>
      <handler>
         <index>0x1</index>
         <name>__TI_decompress_none</name>
      </handler>
      <handler>
         <index>0x2</index>
         <name>__TI_zero_init</name>
      </handler>
   </handler_table>
   <symbol_table>
      <symbol id="sm-1">
         <name>WDTCTL_SYM</name>
         <value>0x4000480c</value>
      </symbol>
      <symbol id="sm-2">
         <name>__start___llvm_prf_cnts</name>
         <value>0x20000000</value>
      </symbol>
      <symbol id="sm-3">
         <name>__stop___llvm_prf_cnts</name>
         <value>0x20000000</value>
      </symbol>
      <symbol id="sm-4">
         <name>__TI_CINIT_Base</name>
         <value>0x1450</value>
      </symbol>
      <symbol id="sm-5">
         <name>__TI_CINIT_Limit</name>
         <value>0x1460</value>
      </symbol>
      <symbol id="sm-6">
         <name>__TI_Handler_Table_Base</name>
         <value>0x1438</value>
      </symbol>
      <symbol id="sm-7">
         <name>__TI_Handler_Table_Limit</name>
         <value>0x1444</value>
      </symbol>
      <symbol id="sm-8">
         <name>binit</name>
         <value>0xffffffff</value>
      </symbol>
      <symbol id="sm-9">
         <name>__binit__</name>
         <value>0xffffffff</value>
      </symbol>
      <symbol id="sm-a">
         <name>__STACK_SIZE</name>
         <value>0x200</value>
      </symbol>
      <symbol id="sm-b">
         <name>__STACK_END</name>
         <value>0x20010000</value>
      </symbol>
      <symbol id="sm-c">
         <name>__c_args__</name>
         <value>0xffffffff</value>
      </symbol>
      <symbol id="sm-d">
         <name>__TI_pprof_out_hndl</name>
         <value>0xffffffff</value>
      </symbol>
      <symbol id="sm-e">
         <name>__TI_prof_data_start</name>
         <value>0xffffffff</value>
      </symbol>
      <symbol id="sm-f">
         <name>__TI_prof_data_size</name>
         <value>0xffffffff</value>
      </symbol>
      <symbol id="sm-8d">
         <name>Clock_Delay1ms</name>
         <value>0x11dd</value>
         <object_component_ref idref="oc-ac"/>
      </symbol>
      <symbol id="sm-8e">
         <name>Crystalstable</name>
         <value>0x20000044</value>
         <object_component_ref idref="oc-121"/>
      </symbol>
      <symbol id="sm-8f">
         <name>Clock_Delay1us</name>
         <value>0x11b3</value>
         <object_component_ref idref="oc-ac"/>
      </symbol>
      <symbol id="sm-90">
         <name>Clock_GetFreq</name>
         <value>0x119f</value>
         <object_component_ref idref="oc-ac"/>
      </symbol>
      <symbol id="sm-91">
         <name>Prewait</name>
         <value>0x20000034</value>
         <object_component_ref idref="oc-121"/>
      </symbol>
      <symbol id="sm-92">
         <name>IFlags</name>
         <value>0x20000040</value>
         <object_component_ref idref="oc-121"/>
      </symbol>
      <symbol id="sm-93">
         <name>ClockFrequency</name>
         <value>0x20000030</value>
         <object_component_ref idref="oc-121"/>
      </symbol>
      <symbol id="sm-94">
         <name>Postwait</name>
         <value>0x2000003c</value>
         <object_component_ref idref="oc-121"/>
      </symbol>
      <symbol id="sm-95">
         <name>delay</name>
         <value>0x11a5</value>
         <object_component_ref idref="oc-ac"/>
      </symbol>
      <symbol id="sm-96">
         <name>CPMwait</name>
         <value>0x20000038</value>
         <object_component_ref idref="oc-121"/>
      </symbol>
      <symbol id="sm-97">
         <name>Clock_Init48MHz</name>
         <value>0x1089</value>
         <object_component_ref idref="oc-ac"/>
      </symbol>
      <symbol id="sm-16e">
         <name>TimerA2Task</name>
         <value>0x20000000</value>
      </symbol>
      <symbol id="sm-16f">
         <name>first_left</name>
         <value>0x20000028</value>
      </symbol>
      <symbol id="sm-170">
         <name>first_right</name>
         <value>0x2000002a</value>
      </symbol>
      <symbol id="sm-171">
         <name>period_left</name>
         <value>0x2000002c</value>
      </symbol>
      <symbol id="sm-172">
         <name>period_right</name>
         <value>0x2000002e</value>
      </symbol>
      <symbol id="sm-173">
         <name>left_count</name>
         <value>0x20000004</value>
      </symbol>
      <symbol id="sm-174">
         <name>sensor1</name>
         <value>0x20000008</value>
      </symbol>
      <symbol id="sm-175">
         <name>sensor2</name>
         <value>0x2000000c</value>
      </symbol>
      <symbol id="sm-176">
         <name>sensor3</name>
         <value>0x20000010</value>
      </symbol>
      <symbol id="sm-177">
         <name>sensor4</name>
         <value>0x20000014</value>
      </symbol>
      <symbol id="sm-178">
         <name>sensor5</name>
         <value>0x20000018</value>
      </symbol>
      <symbol id="sm-179">
         <name>sensor6</name>
         <value>0x2000001c</value>
      </symbol>
      <symbol id="sm-17a">
         <name>sensor7</name>
         <value>0x20000020</value>
      </symbol>
      <symbol id="sm-17b">
         <name>sensor8</name>
         <value>0x20000024</value>
      </symbol>
      <symbol id="sm-17c">
         <name>led_init</name>
         <value>0xe5</value>
         <object_component_ref idref="oc-6d"/>
      </symbol>
      <symbol id="sm-17d">
         <name>turn_off_led</name>
         <value>0x12f</value>
         <object_component_ref idref="oc-6d"/>
      </symbol>
      <symbol id="sm-17e">
         <name>TimerA2_Init</name>
         <value>0x39d</value>
         <object_component_ref idref="oc-6d"/>
      </symbol>
      <symbol id="sm-17f">
         <name>systick_init</name>
         <value>0x16f</value>
         <object_component_ref idref="oc-6d"/>
      </symbol>
      <symbol id="sm-180">
         <name>sensor_init</name>
         <value>0x1e5</value>
         <object_component_ref idref="oc-6d"/>
      </symbol>
      <symbol id="sm-181">
         <name>left_backward</name>
         <value>0x379</value>
         <object_component_ref idref="oc-6d"/>
      </symbol>
      <symbol id="sm-182">
         <name>motor_init</name>
         <value>0x2bb</value>
         <object_component_ref idref="oc-6d"/>
      </symbol>
      <symbol id="sm-183">
         <name>little_bit_backward</name>
         <value>0x537</value>
         <object_component_ref idref="oc-6d"/>
      </symbol>
      <symbol id="sm-184">
         <name>TA2_0_IRQHandler</name>
         <value>0x3f1</value>
         <object_component_ref idref="oc-6d"/>
      </symbol>
      <symbol id="sm-185">
         <name>TA3_N_IRQHandler</name>
         <value>0x4a9</value>
         <object_component_ref idref="oc-6d"/>
      </symbol>
      <symbol id="sm-186">
         <name>timer_A3_capture_init</name>
         <value>0x405</value>
         <object_component_ref idref="oc-6d"/>
      </symbol>
      <symbol id="sm-187">
         <name>systick_wait1ms</name>
         <value>0x17f</value>
         <object_component_ref idref="oc-6d"/>
      </symbol>
      <symbol id="sm-188">
         <name>move</name>
         <value>0x343</value>
         <object_component_ref idref="oc-6d"/>
      </symbol>
      <symbol id="sm-189">
         <name>IR_LED_charge</name>
         <value>0x5a9</value>
         <object_component_ref idref="oc-6d"/>
      </symbol>
      <symbol id="sm-18a">
         <name>right_forward</name>
         <value>0x385</value>
         <object_component_ref idref="oc-6d"/>
      </symbol>
      <symbol id="sm-18b">
         <name>main</name>
         <value>0x6b9</value>
         <object_component_ref idref="oc-6d"/>
      </symbol>
      <symbol id="sm-18c">
         <name>TA3_0_IRQHandler</name>
         <value>0x47d</value>
         <object_component_ref idref="oc-6d"/>
      </symbol>
      <symbol id="sm-18d">
         <name>systick_wait1s</name>
         <value>0x1bd</value>
         <object_component_ref idref="oc-6d"/>
      </symbol>
      <symbol id="sm-18e">
         <name>turn_on_led</name>
         <value>0x10f</value>
         <object_component_ref idref="oc-6d"/>
      </symbol>
      <symbol id="sm-18f">
         <name>get_left_rpm</name>
         <value>0x4d3</value>
         <object_component_ref idref="oc-6d"/>
      </symbol>
      <symbol id="sm-190">
         <name>little_bit_forward</name>
         <value>0x501</value>
         <object_component_ref idref="oc-6d"/>
      </symbol>
      <symbol id="sm-191">
         <name>right_backward</name>
         <value>0x391</value>
         <object_component_ref idref="oc-6d"/>
      </symbol>
      <symbol id="sm-192">
         <name>pwm_init34</name>
         <value>0x255</value>
         <object_component_ref idref="oc-6d"/>
      </symbol>
      <symbol id="sm-193">
         <name>switch_init</name>
         <value>0x13b</value>
         <object_component_ref idref="oc-6d"/>
      </symbol>
      <symbol id="sm-194">
         <name>left_forward</name>
         <value>0x36d</value>
         <object_component_ref idref="oc-6d"/>
      </symbol>
      <symbol id="sm-195">
         <name>systick_wait_N_ms</name>
         <value>0x197</value>
         <object_component_ref idref="oc-6d"/>
      </symbol>
      <symbol id="sm-1aa">
         <name>Reset_Handler</name>
         <value>0x140f</value>
         <object_component_ref idref="oc-67"/>
      </symbol>
      <symbol id="sm-1ab">
         <name>Default_Handler</name>
         <value>0x141b</value>
         <object_component_ref idref="oc-67"/>
      </symbol>
      <symbol id="sm-1ac">
         <name>interruptVectors</name>
         <value>0x0</value>
         <object_component_ref idref="oc-26"/>
      </symbol>
      <symbol id="sm-1f4">
         <name>SystemInit</name>
         <value>0xfcd</value>
         <object_component_ref idref="oc-a5"/>
      </symbol>
      <symbol id="sm-1f5">
         <name>SystemCoreClockUpdate</name>
         <value>0xd55</value>
         <object_component_ref idref="oc-a5"/>
      </symbol>
      <symbol id="sm-1f6">
         <name>SystemCoreClock</name>
         <value>0x20000048</value>
         <object_component_ref idref="oc-11d"/>
      </symbol>
      <symbol id="sm-20f">
         <name>__TI_zero_init_nomemset</name>
         <value>0x13e5</value>
         <object_component_ref idref="oc-43"/>
      </symbol>
      <symbol id="sm-226">
         <name>__TI_decompress_none</name>
         <value>0x1401</value>
         <object_component_ref idref="oc-1d"/>
      </symbol>
      <symbol id="sm-249">
         <name>__TI_decompress_lzss</name>
         <value>0x1305</value>
         <object_component_ref idref="oc-17"/>
      </symbol>
      <symbol id="sm-25c">
         <name>__stack</name>
         <value>0x2000fe00</value>
         <object_component_ref idref="oc-29"/>
      </symbol>
      <symbol id="sm-25d">
         <name>_c_int00_noargs</name>
         <value>0x13b1</value>
         <object_component_ref idref="oc-55"/>
      </symbol>
      <symbol id="sm-278">
         <name>memcpy</name>
         <value>0x1269</value>
         <object_component_ref idref="oc-37"/>
      </symbol>
      <symbol id="sm-279">
         <name>__aeabi_memcpy</name>
         <value>0x1269</value>
         <object_component_ref idref="oc-37"/>
      </symbol>
      <symbol id="sm-27a">
         <name>__aeabi_memcpy8</name>
         <value>0x1269</value>
         <object_component_ref idref="oc-37"/>
      </symbol>
      <symbol id="sm-27b">
         <name>__aeabi_memcpy4</name>
         <value>0x1269</value>
         <object_component_ref idref="oc-37"/>
      </symbol>
      <symbol id="sm-2a4">
         <name>__TI_auto_init_nobinit_nopinit</name>
         <value>0x136d</value>
         <object_component_ref idref="oc-eb"/>
      </symbol>
      <symbol id="sm-2ae">
         <name>_system_pre_init</name>
         <value>0x141d</value>
         <object_component_ref idref="oc-93"/>
      </symbol>
      <symbol id="sm-2ba">
         <name>C$$EXIT</name>
         <value>0x1421</value>
         <object_component_ref idref="oc-df"/>
      </symbol>
      <symbol id="sm-2bb">
         <name>abort</name>
         <value>0x1421</value>
         <object_component_ref idref="oc-df"/>
      </symbol>
      <symbol id="sm-2be">
         <name>__TI_static_base__</name>
         <value>0x0</value>
      </symbol>
      <symbol id="sm-2c1">
         <name>__mpu_init</name>
         <value>0x0</value>
      </symbol>
      <symbol id="sm-2c2">
         <name>_system_post_cinit</name>
         <value>0x0</value>
      </symbol>
      <symbol id="sm-2c3">
         <name>NMI_Handler</name>
         <value>0x141b</value>
      </symbol>
      <symbol id="sm-2c4">
         <name>HardFault_Handler</name>
         <value>0x141b</value>
      </symbol>
      <symbol id="sm-2c5">
         <name>MemManage_Handler</name>
         <value>0x141b</value>
      </symbol>
      <symbol id="sm-2c6">
         <name>BusFault_Handler</name>
         <value>0x141b</value>
      </symbol>
      <symbol id="sm-2c7">
         <name>UsageFault_Handler</name>
         <value>0x141b</value>
      </symbol>
      <symbol id="sm-2c8">
         <name>SVC_Handler</name>
         <value>0x141b</value>
      </symbol>
      <symbol id="sm-2c9">
         <name>DebugMon_Handler</name>
         <value>0x141b</value>
      </symbol>
      <symbol id="sm-2ca">
         <name>PendSV_Handler</name>
         <value>0x141b</value>
      </symbol>
      <symbol id="sm-2cb">
         <name>SysTick_Handler</name>
         <value>0x141b</value>
      </symbol>
      <symbol id="sm-2cc">
         <name>PSS_IRQHandler</name>
         <value>0x141b</value>
      </symbol>
      <symbol id="sm-2cd">
         <name>CS_IRQHandler</name>
         <value>0x141b</value>
      </symbol>
      <symbol id="sm-2ce">
         <name>PCM_IRQHandler</name>
         <value>0x141b</value>
      </symbol>
      <symbol id="sm-2cf">
         <name>WDT_A_IRQHandler</name>
         <value>0x141b</value>
      </symbol>
      <symbol id="sm-2d0">
         <name>FPU_IRQHandler</name>
         <value>0x141b</value>
      </symbol>
      <symbol id="sm-2d1">
         <name>FLCTL_IRQHandler</name>
         <value>0x141b</value>
      </symbol>
      <symbol id="sm-2d2">
         <name>COMP_E0_IRQHandler</name>
         <value>0x141b</value>
      </symbol>
      <symbol id="sm-2d3">
         <name>COMP_E1_IRQHandler</name>
         <value>0x141b</value>
      </symbol>
      <symbol id="sm-2d4">
         <name>TA0_0_IRQHandler</name>
         <value>0x141b</value>
      </symbol>
      <symbol id="sm-2d5">
         <name>TA0_N_IRQHandler</name>
         <value>0x141b</value>
      </symbol>
      <symbol id="sm-2d6">
         <name>TA1_0_IRQHandler</name>
         <value>0x141b</value>
      </symbol>
      <symbol id="sm-2d7">
         <name>TA1_N_IRQHandler</name>
         <value>0x141b</value>
      </symbol>
      <symbol id="sm-2d8">
         <name>TA2_0_IRQHandler</name>
         <value>0x3f1</value>
      </symbol>
      <symbol id="sm-2d9">
         <name>TA2_N_IRQHandler</name>
         <value>0x141b</value>
      </symbol>
      <symbol id="sm-2da">
         <name>TA3_0_IRQHandler</name>
         <value>0x47d</value>
      </symbol>
      <symbol id="sm-2db">
         <name>TA3_N_IRQHandler</name>
         <value>0x4a9</value>
      </symbol>
      <symbol id="sm-2dc">
         <name>EUSCIA0_IRQHandler</name>
         <value>0x141b</value>
      </symbol>
      <symbol id="sm-2dd">
         <name>EUSCIA1_IRQHandler</name>
         <value>0x141b</value>
      </symbol>
      <symbol id="sm-2de">
         <name>EUSCIA2_IRQHandler</name>
         <value>0x141b</value>
      </symbol>
      <symbol id="sm-2df">
         <name>EUSCIA3_IRQHandler</name>
         <value>0x141b</value>
      </symbol>
      <symbol id="sm-2e0">
         <name>EUSCIB0_IRQHandler</name>
         <value>0x141b</value>
      </symbol>
      <symbol id="sm-2e1">
         <name>EUSCIB1_IRQHandler</name>
         <value>0x141b</value>
      </symbol>
      <symbol id="sm-2e2">
         <name>EUSCIB2_IRQHandler</name>
         <value>0x141b</value>
      </symbol>
      <symbol id="sm-2e3">
         <name>EUSCIB3_IRQHandler</name>
         <value>0x141b</value>
      </symbol>
      <symbol id="sm-2e4">
         <name>ADC14_IRQHandler</name>
         <value>0x141b</value>
      </symbol>
      <symbol id="sm-2e5">
         <name>T32_INT1_IRQHandler</name>
         <value>0x141b</value>
      </symbol>
      <symbol id="sm-2e6">
         <name>T32_INT2_IRQHandler</name>
         <value>0x141b</value>
      </symbol>
      <symbol id="sm-2e7">
         <name>T32_INTC_IRQHandler</name>
         <value>0x141b</value>
      </symbol>
      <symbol id="sm-2e8">
         <name>AES256_IRQHandler</name>
         <value>0x141b</value>
      </symbol>
      <symbol id="sm-2e9">
         <name>RTC_C_IRQHandler</name>
         <value>0x141b</value>
      </symbol>
      <symbol id="sm-2ea">
         <name>DMA_ERR_IRQHandler</name>
         <value>0x141b</value>
      </symbol>
      <symbol id="sm-2eb">
         <name>DMA_INT3_IRQHandler</name>
         <value>0x141b</value>
      </symbol>
      <symbol id="sm-2ec">
         <name>DMA_INT2_IRQHandler</name>
         <value>0x141b</value>
      </symbol>
      <symbol id="sm-2ed">
         <name>DMA_INT1_IRQHandler</name>
         <value>0x141b</value>
      </symbol>
      <symbol id="sm-2ee">
         <name>DMA_INT0_IRQHandler</name>
         <value>0x141b</value>
      </symbol>
      <symbol id="sm-2ef">
         <name>PORT1_IRQHandler</name>
         <value>0x141b</value>
      </symbol>
      <symbol id="sm-2f0">
         <name>PORT2_IRQHandler</name>
         <value>0x141b</value>
      </symbol>
      <symbol id="sm-2f1">
         <name>PORT3_IRQHandler</name>
         <value>0x141b</value>
      </symbol>
      <symbol id="sm-2f2">
         <name>PORT4_IRQHandler</name>
         <value>0x141b</value>
      </symbol>
      <symbol id="sm-2f3">
         <name>PORT5_IRQHandler</name>
         <value>0x141b</value>
      </symbol>
      <symbol id="sm-2f4">
         <name>PORT6_IRQHandler</name>
         <value>0x141b</value>
      </symbol>
   </symbol_table>
   <title>Link successful</title>
</link_info>
